--------------------------------------------------------------------------------------------------------------------------------------------------------------------------------------------------
      name:  <unnamed>
       log:  \\smb-isl01.fsu.edu\citrix\tal15b\Documents\diss\Prelim Findings\5 Preliminary Findings.log
  log type:  text
 opened on:   4 Dec 2025, 18:15:07

. 
. use "\\smb-isl01.fsu.edu\citrix\tal15b\Documents\diss\4b Abridged Master Dataset 2015-2023.dta"

. 
. *******************************************************************************
. *******************************************************************************
. 
. *** setting time variable
. xtset unitid year

Panel variable: unitid (unbalanced)
 Time variable: year, 2015 to 2023, but with gaps
         Delta: 1 unit

. xtdescribe

  unitid:  100654, 100663, ..., 492689                       n =        787
    year:  2015, 2016, ..., 2023                             T =          9
           Delta(year) = 1 unit
           Span(year)  = 9 periods
           (unitid*year uniquely identifies each observation)

Distribution of T_i:   min      5%     25%       50%       75%     95%     max
                         6       9       9         9         9       9       9

     Freq.  Percent    Cum. |  Pattern
 ---------------------------+-----------
      759     96.44   96.44 |  111111111
       20      2.54   98.98 |  1111...11
        3      0.38   99.36 |  ...111111
        3      0.38   99.75 |  11111111.
        1      0.13   99.87 |  ..1111111
        1      0.13  100.00 |  11111..11
 ---------------------------+-----------
      787    100.00         |  XXXXXXXXX

. 
. *******************************************************************************
. *******************************************************************************
. 
. *** summary stats
. 
. summarize

    Variable |        Obs        Mean    Std. dev.       Min        Max
-------------+---------------------------------------------------------
      unitid |      7,007    195143.4    71164.94     100654     492689
    instname |          0
        year |      7,007    2018.994    2.588837       2015       2023
        hbcu |      7,007    .0508063    .2196177          0          1
     m_asian |      7,007    34.73712    65.70826          0        617
-------------+---------------------------------------------------------
     w_asian |      7,007     23.2242     45.9951          0        572
     t_asian |      7,007    57.96132    110.2593          0       1181
     m_black |      7,007    11.91608    18.20274          0        186
     w_black |      7,007    14.78122    23.52156          0        235
     t_black |      7,007     26.6973    41.08454          0        421
-------------+---------------------------------------------------------
      m_hisp |      7,007    13.37034    24.33332          0        273
      w_hisp |      7,007    12.91965    23.58997          0        297
      t_hisp |      7,007       26.29    47.39832          0        570
     m_white |      7,007    182.2834    262.7892          0       2392
     w_white |      7,007     156.677    201.5709          0       2121
-------------+---------------------------------------------------------
     t_white |      7,007    338.9605    459.7077          0       4170
     t_women |      7,007    211.8883    274.6747          1       2661
       t_men |      7,007    245.9974    355.3817          0       3284
     t_total |      7,007    457.8857    624.5885          1       5904
     p_women |      7,007    .4928758    .0872462   .1428571          1
-------------+---------------------------------------------------------
       p_men |      7,007    .5071242    .0872462          0   .8571429
     p_asian |      7,007    .0902738    .0642931          0   .4814815
   p_asian_w |      7,007    .0374766    .0294151          0   .1896552
   p_asian_m |      7,007    .0527972    .0421731          0   .4074074
     p_black |      7,007    .0741024    .1279556          0    .797235
-------------+---------------------------------------------------------
   p_black_w |      7,007    .0402092    .0707011          0    .523077
   p_black_m |      7,007    .0338932    .0604079          0   .4736842
      p_hisp |      7,007    .0514731    .0657688          0   .8536586
    p_hisp_w |      7,007    .0262549    .0354926          0   .4197531
    p_hisp_m |      7,007    .0252182     .033151          0   .4709677
-------------+---------------------------------------------------------
     p_white |      7,007     .755838    .1715627          0          1
   p_white_w |      7,007    .3740008    .1168563          0          1
   p_white_m |      7,007    .3818372    .1088721          0   .8026316
     m_other |      7,007    3.690452    5.774915          0         68
     w_other |      7,007    4.286142    7.404461          0        108
-------------+---------------------------------------------------------
     t_other |      7,007    7.976595    12.58188          0        149
     p_other |      7,007    .0283126    .0736444          0          1
   p_other_w |      7,007    .0149343    .0386145          0   .5384616
   p_other_m |      7,007    .0133784    .0393156          0   .6153846
  missingfac |      7,007           0           0          0          0
-------------+---------------------------------------------------------
missingfac~m |      7,007    .0665049     .429269          0          3
 i_diversity |      7,007    .6634493    .0834298          0   .8562925
dem_legisp~p |      7,007    .4451707    .1732161          0   .9342105
  educappFTE |      7,007    8188.429    3091.013   2894.944   37721.63
     dem_gov |      7,007    .4397032    .4963864          0          1
-------------+---------------------------------------------------------
  size_small |      7,007    .3726274    .4835386          0          1
size_midsize |      7,007    .4357071    .4958846          0          1
  size_large |      7,007    .1916655    .3936393          0          1
        c_r1 |      7,007    .1037534    .3049621          0          1
        c_r2 |      7,007    .0963322    .2950674          0          1
-------------+---------------------------------------------------------
     c_other |      7,007    .7919224    .4059616          0          1
       state |      7,007    27.34694    15.08578          1         51

. 
. tabstat hbcu m_asian w_asian m_black w_black m_hisp w_hisp m_white w_white m_other w_other p_asian_m p_asian_w  p_black_m p_black_w  p_hisp_m p_hisp_w  p_white_m p_white_w  p_other_m p_other_w
>   i_diversity dem_legisprop educappFTE dem_gov size_small size_midsize size_large c_r1 c_r2 c_other state , stat(mean median sd min max) columns(statistics)

    Variable |      Mean       p50        SD       Min       Max
-------------+--------------------------------------------------
        hbcu |  .0508063         0  .2196177         0         1
     m_asian |  34.73712        10  65.70826         0       617
     w_asian |   23.2242         7   45.9951         0       572
     m_black |  11.91608         5  18.20274         0       186
     w_black |  14.78122         6  23.52156         0       235
      m_hisp |  13.37034         4  24.33332         0       273
      w_hisp |  12.91965         4  23.58997         0       297
     m_white |  182.2834        85  262.7892         0      2392
     w_white |   156.677        86  201.5709         0      2121
     m_other |  3.690452         2  5.774915         0        68
     w_other |  4.286142         2  7.404461         0       108
   p_asian_m |  .0527972  .0447761  .0421731         0  .4074074
   p_asian_w |  .0374766  .0330789  .0294151         0  .1896552
   p_black_m |  .0338932  .0190678  .0604079         0  .4736842
   p_black_w |  .0402092  .0203252  .0707011         0   .523077
    p_hisp_m |  .0252182  .0180505   .033151         0  .4709677
    p_hisp_w |  .0262549  .0172084  .0354926         0  .4197531
   p_white_m |  .3818372  .3924731  .1088721         0  .8026316
   p_white_w |  .3740008  .3844797  .1168563         0         1
   p_other_m |  .0133784  .0058722  .0393156         0  .6153846
   p_other_w |  .0149343  .0064134  .0386145         0  .5384616
 i_diversity |  .6634493  .6640801  .0834298         0  .8562925
dem_legisp~p |  .4451707  .4110672  .1732161         0  .9342105
  educappFTE |  8188.429  7451.476  3091.013  2894.944  37721.63
     dem_gov |  .4397032         0  .4963864         0         1
  size_small |  .3726274         0  .4835386         0         1
size_midsize |  .4357071         0  .4958846         0         1
  size_large |  .1916655         0  .3936393         0         1
        c_r1 |  .1037534         0  .3049621         0         1
        c_r2 |  .0963322         0  .2950674         0         1
     c_other |  .7919224         1  .4059616         0         1
       state |  27.34694        31  15.08578         1        51
----------------------------------------------------------------

. 
. *******************************************************************************
. *******************************************************************************
. 
. *** correlation matrices
. 
. * only model vars
. corr unitid year hbcu state i_diversity dem_gov dem_legisprop educappFTE c_r1 c_r2 c_other size_small size_midsize size_large
(obs=7,007)

             |   unitid     year     hbcu    state i_dive~y  dem_gov dem_le~p educap~E     c_r1     c_r2  c_other size_s~l size_m~e size_l~e
-------------+------------------------------------------------------------------------------------------------------------------------------
      unitid |   1.0000
        year |   0.0058   1.0000
        hbcu |  -0.0420   0.0030   1.0000
       state |   0.4720  -0.0030  -0.0132   1.0000
 i_diversity |  -0.0283   0.1286   0.2804  -0.1237   1.0000
     dem_gov |  -0.0347   0.0893  -0.0465  -0.0231   0.0811   1.0000
dem_legisp~p |  -0.1132   0.0750  -0.0795  -0.1886   0.2475   0.5681   1.0000
  educappFTE |  -0.0870   0.3690  -0.0217  -0.1661   0.2678   0.2032   0.3894   1.0000
        c_r1 |  -0.0939   0.0002  -0.0787  -0.0485   0.1557   0.0258   0.0323   0.0087   1.0000
        c_r2 |  -0.0479   0.0007  -0.0161  -0.0369   0.0573  -0.0661  -0.0302  -0.0123  -0.1111   1.0000
     c_other |   0.0258  -0.0035   0.0754   0.0662  -0.1551   0.0383   0.0059   0.0020  -0.6638  -0.6370   1.0000
  size_small |   0.1344   0.0241   0.1026   0.1782  -0.2905  -0.0452  -0.1103  -0.0312  -0.2622  -0.2426   0.3609   1.0000
size_midsize |  -0.0455  -0.0142  -0.0106  -0.0902   0.0829   0.0659   0.0829   0.0276  -0.2612   0.1345   0.1080  -0.6772   1.0000
  size_large |  -0.1079  -0.0116  -0.1127  -0.1052   0.2524  -0.0274   0.0310   0.0035   0.6512   0.1286  -0.5793  -0.3753  -0.4279   1.0000


. 
. *plus significance
. pwcorr i_diversity year dem_gov dem_legisprop educappFTE hbcu size_small size_midsize size_large c_r1 c_r2 c_other, sig

             | i_dive~y     year  dem_gov dem_le~p educap~E     hbcu size_s~l
-------------+---------------------------------------------------------------
 i_diversity |   1.0000 
             |
             |
        year |   0.1286   1.0000 
             |   0.0000
             |
     dem_gov |   0.0811   0.0893   1.0000 
             |   0.0000   0.0000
             |
dem_legisp~p |   0.2475   0.0750   0.5681   1.0000 
             |   0.0000   0.0000   0.0000
             |
  educappFTE |   0.2678   0.3690   0.2032   0.3894   1.0000 
             |   0.0000   0.0000   0.0000   0.0000
             |
        hbcu |   0.2804   0.0030  -0.0465  -0.0795  -0.0217   1.0000 
             |   0.0000   0.7996   0.0001   0.0000   0.0699
             |
  size_small |  -0.2905   0.0241  -0.0452  -0.1103  -0.0312   0.1026   1.0000 
             |   0.0000   0.0437   0.0002   0.0000   0.0090   0.0000
             |
size_midsize |   0.0829  -0.0142   0.0659   0.0829   0.0276  -0.0106  -0.6772 
             |   0.0000   0.2331   0.0000   0.0000   0.0208   0.3736   0.0000
             |
  size_large |   0.2524  -0.0116  -0.0274   0.0310   0.0035  -0.1127  -0.3753 
             |   0.0000   0.3297   0.0218   0.0094   0.7668   0.0000   0.0000
             |
        c_r1 |   0.1557   0.0002   0.0258   0.0323   0.0087  -0.0787  -0.2622 
             |   0.0000   0.9849   0.0310   0.0069   0.4653   0.0000   0.0000
             |
        c_r2 |   0.0573   0.0007  -0.0661  -0.0302  -0.0123  -0.0161  -0.2426 
             |   0.0000   0.9507   0.0000   0.0115   0.3039   0.1787   0.0000
             |
     c_other |  -0.1551  -0.0035   0.0383   0.0059   0.0020   0.0754   0.3609 
             |   0.0000   0.7717   0.0013   0.6224   0.8638   0.0000   0.0000
             |

             | size_m~e size_l~e     c_r1     c_r2  c_other
-------------+---------------------------------------------
size_midsize |   1.0000 
             |
             |
  size_large |  -0.4279   1.0000 
             |   0.0000
             |
        c_r1 |  -0.2612   0.6512   1.0000 
             |   0.0000   0.0000
             |
        c_r2 |   0.1345   0.1286  -0.1111   1.0000 
             |   0.0000   0.0000   0.0000
             |
     c_other |   0.1080  -0.5793  -0.6638  -0.6370   1.0000 
             |   0.0000   0.0000   0.0000   0.0000
             |

. 
. *******************************************************************************
. *******************************************************************************
. *** diagnostic measures
. 
. * checking for skewness
. sktest unitid year hbcu state p_women p_men p_asian p_asian_w p_asian_m p_black p_black_w p_black_m p_hisp p_hisp_w p_hisp_m p_white p_white_w p_white_m p_other p_other_w p_other_m i_diversity
>  dem_gov dem_legisprop educappFTE c_r1 c_r2 c_other size_small size_midsize size_large

Skewness and kurtosis tests for normality
                                                          ----- Joint test -----
     Variable |       Obs   Pr(skewness)   Pr(kurtosis)   Adj chi2(2)  Prob>chi2
--------------+-----------------------------------------------------------------
       unitid |     7,007         0.0000         0.0000             .          .
         year |     7,007         0.8150         0.0000             .          .
         hbcu |     7,007         0.0000         0.0000             .          .
        state |     7,007         0.0000         0.0000             .          .
      p_women |     7,007         0.0000         0.0000        524.33     0.0000
        p_men |     7,007         0.0000         0.0000        524.33     0.0000
      p_asian |     7,007         0.0000         0.0000        698.11     0.0000
    p_asian_w |     7,007         0.0000         0.0000       1093.18     0.0000
    p_asian_m |     7,007         0.0000         0.0000             .          .
      p_black |     7,007         0.0000         0.0000             .          .
    p_black_w |     7,007         0.0000         0.0000             .          .
    p_black_m |     7,007         0.0000         0.0000             .          .
       p_hisp |     7,007         0.0000         0.0000             .          .
     p_hisp_w |     7,007         0.0000         0.0000             .          .
     p_hisp_m |     7,007         0.0000         0.0000             .          .
      p_white |     7,007         0.0000         0.0000             .          .
    p_white_w |     7,007         0.0000         0.0000        236.82     0.0000
    p_white_m |     7,007         0.0000         0.0000        297.36     0.0000
      p_other |     7,007         0.0000         0.0000             .          .
    p_other_w |     7,007         0.0000         0.0000             .          .
    p_other_m |     7,007         0.0000         0.0000             .          .
  i_diversity |     7,007         0.0000         0.0000        557.73     0.0000
      dem_gov |     7,007         0.0000             .              .          .
dem_legisprop |     7,007         0.0000         0.0000         93.39     0.0000
   educappFTE |     7,007         0.0000         0.0000             .          .
         c_r1 |     7,007         0.0000         0.0000             .          .
         c_r2 |     7,007         0.0000         0.0000             .          .
      c_other |     7,007         0.0000         0.2381       1121.02     0.0000
   size_small |     7,007         0.0000             .              .          .
 size_midsize |     7,007         0.0000             .              .          .
   size_large |     7,007         0.0000         0.0000             .          .

. 
. hist i_diversity
(bin=38, start=0, width=.02253401)

. graph save "Graph" "\\smb-isl01.fsu.edu\citrix\tal15b\Documents\diss\Prelim Findings\5 hist i_diversity.gph", replace
(file \\smb-isl01.fsu.edu\citrix\tal15b\Documents\diss\Prelim Findings\5 hist i_diversity.gph not found)
file \\smb-isl01.fsu.edu\citrix\tal15b\Documents\diss\Prelim Findings\5 hist i_diversity.gph saved

. 
. gen i_diversity_log = log(i_diversity)
(3 missing values generated)

. hist i_diversity_log
(bin=38, start=-1.9518449, width=.04728162)

. 
. 
. gen i_diversity_sq = i_diversity^2

. hist i_diversity_sq
(bin=38, start=0, width=.01929571)

. 
. 
. gen i_diversity_sqrt = sqrt(i_diversity)

. hist i_diversity_sqrt
(bin=38, start=0, width=.0243516)

. 
. sktest i_diversity i_diversity_log i_diversity_sq i_diversity_sqrt

Skewness and kurtosis tests for normality
                                                             ----- Joint test -----
        Variable |       Obs   Pr(skewness)   Pr(kurtosis)   Adj chi2(2)  Prob>chi2
-----------------+-----------------------------------------------------------------
     i_diversity |     7,007         0.0000         0.0000        557.73     0.0000
 i_diversity_log |     7,004         0.0000         0.0000             .          .
  i_diversity_sq |     7,007         0.0439         0.3441          4.94     0.0846
i_diversity_sqrt |     7,007         0.0000         0.0000             .          .

. 
.  * multicollinearity
. regress i_diversity_sq i.year

      Source |       SS           df       MS      Number of obs   =     7,007
-------------+----------------------------------   F(8, 6998)      =     15.44
       Model |  1.41148404         8  .176435506   Prob > F        =    0.0000
    Residual |  79.9465477     6,998  .011424199   R-squared       =    0.0173
-------------+----------------------------------   Adj R-squared   =    0.0162
       Total |  81.3580318     7,006  .011612622   Root MSE        =    .10688

------------------------------------------------------------------------------
i_diversit~q | Coefficient  Std. err.      t    P>|t|     [95% conf. interval]
-------------+----------------------------------------------------------------
        year |
       2016  |   .0042305   .0054019     0.78   0.434    -.0063588    .0148199
       2017  |   .0103373   .0054002     1.91   0.056    -.0002487    .0209233
       2018  |   .0149159    .005395     2.76   0.006       .00434    .0254918
       2019  |   .0215587     .00543     3.97   0.000     .0109143    .0322032
       2020  |   .0264233   .0054318     4.86   0.000     .0157754    .0370713
       2021  |   .0319483   .0054318     5.88   0.000     .0213003    .0425963
       2022  |   .0379146    .005395     7.03   0.000     .0273387    .0484905
       2023  |   .0432496   .0054002     8.01   0.000     .0326636    .0538356
             |
       _cons |   .4259813   .0038197   111.52   0.000     .4184935    .4334691
------------------------------------------------------------------------------

. regress i_diversity_sq i.year dem_gov educappFTE dem_legisprop

      Source |       SS           df       MS      Number of obs   =     7,007
-------------+----------------------------------   F(11, 6995)     =     80.90
       Model |  9.18197272        11  .834724793   Prob > F        =    0.0000
    Residual |   72.176059     6,995  .010318236   R-squared       =    0.1129
-------------+----------------------------------   Adj R-squared   =    0.1115
       Total |  81.3580318     7,006  .011612622   Root MSE        =    .10158

-------------------------------------------------------------------------------
i_diversity~q | Coefficient  Std. err.      t    P>|t|     [95% conf. interval]
--------------+----------------------------------------------------------------
         year |
        2016  |   .0027414   .0051347     0.53   0.593    -.0073242    .0128069
        2017  |   .0066151   .0051378     1.29   0.198    -.0034565    .0166867
        2018  |   .0100687   .0051382     1.96   0.050    -3.67e-06     .020141
        2019  |   .0085487   .0051873     1.65   0.099    -.0016201    .0187174
        2020  |   .0110877   .0052091     2.13   0.033     .0008763    .0212991
        2021  |   .0153431   .0052352     2.93   0.003     .0050805    .0256058
        2022  |   .0172136   .0052751     3.26   0.001     .0068729    .0275544
        2023  |   .0171361   .0053944     3.18   0.001     .0065615    .0277108
              |
      dem_gov |  -.0188551   .0029805    -6.33   0.000    -.0246977   -.0130125
   educappFTE |   6.59e-06   4.63e-07    14.24   0.000     5.68e-06    7.50e-06
dem_legisprop |   .1447434   .0091525    15.81   0.000     .1268016    .1626851
        _cons |   .3271604   .0051143    63.97   0.000     .3171348     .337186
-------------------------------------------------------------------------------

. regress i_diversity_sq i.year dem_gov educappFTE dem_legisprop c_r1 c_r2 hbcu size_small size_large

      Source |       SS           df       MS      Number of obs   =     7,007
-------------+----------------------------------   F(16, 6990)     =    213.62
       Model |  26.7172614        16  1.66982884   Prob > F        =    0.0000
    Residual |  54.6407704     6,990  .007816991   R-squared       =    0.3284
-------------+----------------------------------   Adj R-squared   =    0.3269
       Total |  81.3580318     7,006  .011612622   Root MSE        =    .08841

-------------------------------------------------------------------------------
i_diversity~q | Coefficient  Std. err.      t    P>|t|     [95% conf. interval]
--------------+----------------------------------------------------------------
         year |
        2016  |    .002793   .0044693     0.62   0.532    -.0059681    .0115541
        2017  |   .0066532    .004472     1.49   0.137    -.0021132    .0154196
        2018  |   .0105224   .0044723     2.35   0.019     .0017553    .0192895
        2019  |   .0078919   .0045153     1.75   0.081    -.0009593    .0167432
        2020  |   .0113864   .0045344     2.51   0.012     .0024976    .0202752
        2021  |   .0162738   .0045573     3.57   0.000     .0073401    .0252076
        2022  |   .0198628   .0045927     4.32   0.000     .0108596     .028866
        2023  |   .0188234    .004696     4.01   0.000     .0096177     .028029
              |
      dem_gov |  -.0146064   .0026047    -5.61   0.000    -.0197125   -.0095004
   educappFTE |   6.54e-06   4.03e-07    16.23   0.000     5.75e-06    7.33e-06
dem_legisprop |   .1371891   .0080209    17.10   0.000     .1214658    .1529125
         c_r1 |  -.0144047   .0047475    -3.03   0.002    -.0237112   -.0050983
         c_r2 |  -.0099581   .0038463    -2.59   0.010     -.017498   -.0024182
         hbcu |   .1775764   .0048637    36.51   0.000     .1680421    .1871107
   size_small |  -.0476196   .0024423   -19.50   0.000    -.0524073   -.0428319
   size_large |   .0632562   .0037767    16.75   0.000     .0558527    .0706597
        _cons |     .32753   .0047438    69.04   0.000     .3182307    .3368294
-------------------------------------------------------------------------------

. vif

    Variable |       VIF       1/VIF  
-------------+----------------------
        year |
       2016  |      1.78    0.562688
       2017  |      1.78    0.561383
       2018  |      1.79    0.559425
       2019  |      1.78    0.561342
       2020  |      1.79    0.557252
       2021  |      1.81    0.551656
       2022  |      1.89    0.530473
       2023  |      1.96    0.509090
     dem_gov |      1.50    0.667432
  educappFTE |      1.39    0.719452
dem_legisp~p |      1.73    0.578028
        c_r1 |      1.88    0.532298
        c_r2 |      1.15    0.866249
        hbcu |      1.02    0.977917
  size_small |      1.25    0.800021
  size_large |      1.98    0.504829
-------------+----------------------
    Mean VIF |      1.66

. 
. *************** multi level mixed effects model ***********************
. mixed i_diversity_sq i.year dem_gov educappFTE dem_legisprop c_r1 c_r2 hbcu size_small size_large || state: || unitid:, ml

Performing EM optimization ...

Performing gradient-based optimization: 
Iteration 0:  Log likelihood =  14260.381  
Iteration 1:  Log likelihood =  14260.381  

Computing standard errors ...

Mixed-effects ML regression                            Number of obs =   7,007

        Grouping information
        -------------------------------------------------------------
                        |     No. of       Observations per group
         Group variable |     groups    Minimum    Average    Maximum
        ----------------+--------------------------------------------
                  state |         51          9      137.4        565
                 unitid |        787          6        8.9          9
        -------------------------------------------------------------

                                                       Wald chi2(16) = 2619.92
Log likelihood =  14260.381                            Prob > chi2   =  0.0000

--------------------------------------------------------------------------------
i_diversity_sq | Coefficient  Std. err.      z    P>|z|     [95% conf. interval]
---------------+----------------------------------------------------------------
          year |
         2016  |   .0034952   .0012334     2.83   0.005     .0010777    .0059127
         2017  |   .0083569   .0012481     6.70   0.000     .0059106    .0108032
         2018  |    .012517   .0012634     9.91   0.000     .0100408    .0149932
         2019  |   .0149289   .0013422    11.12   0.000     .0122982    .0175596
         2020  |   .0187405   .0013918    13.46   0.000     .0160125    .0214684
         2021  |   .0235728   .0014478    16.28   0.000     .0207351    .0264104
         2022  |   .0280435   .0016363    17.14   0.000     .0248364    .0312506
         2023  |   .0299711   .0018804    15.94   0.000     .0262856    .0336566
               |
       dem_gov |  -.0049088   .0012355    -3.97   0.000    -.0073303   -.0024874
    educappFTE |   3.34e-06   4.00e-07     8.34   0.000     2.56e-06    4.12e-06
 dem_legisprop |   .0507357   .0085607     5.93   0.000      .033957    .0675144
          c_r1 |   .0399402   .0100864     3.96   0.000     .0201713    .0597091
          c_r2 |    .032038   .0101575     3.15   0.002     .0121297    .0519463
          hbcu |   .1117155   .0105954    10.54   0.000     .0909489     .132482
    size_small |  -.0108206   .0020493    -5.28   0.000    -.0148372   -.0068039
    size_large |   .0082437   .0037028     2.23   0.026     .0009863    .0155012
         _cons |   .3592628    .008509    42.22   0.000     .3425855    .3759401
--------------------------------------------------------------------------------

------------------------------------------------------------------------------
  Random-effects parameters  |   Estimate   Std. err.     [95% conf. interval]
-----------------------------+------------------------------------------------
state: Identity              |
                  var(_cons) |   .0020354   .0005536      .0011944    .0034686
-----------------------------+------------------------------------------------
unitid: Identity             |
                  var(_cons) |   .0062479   .0003362      .0056226    .0069428
-----------------------------+------------------------------------------------
               var(Residual) |   .0005927   .0000107      .0005722     .000614
------------------------------------------------------------------------------
LR test vs. linear model: chi2(2) = 14394.60              Prob > chi2 = 0.0000

Note: LR test is conservative and provided only for reference.

. 
. *summarize composition of nested groups
. estat group

-------------------------------------------------------------
                |     No. of       Observations per group
 Group variable |     groups    Minimum    Average    Maximum
----------------+--------------------------------------------
          state |         51          9      137.4        565
         unitid |        787          6        8.9          9
-------------------------------------------------------------

. 
. * predict residuals
. predict resids, residuals

. predict fitted, xb

. scatter resids fitted, yline(0) title("Residuals vs Fitted Values")

. graph save "Graph" "\\smb-isl01.fsu.edu\citrix\tal15b\Documents\diss\Prelim Findings\5 residuals base.gph", replace
(file \\smb-isl01.fsu.edu\citrix\tal15b\Documents\diss\Prelim Findings\5 residuals base.gph not found)
file \\smb-isl01.fsu.edu\citrix\tal15b\Documents\diss\Prelim Findings\5 residuals base.gph saved

. 
. * some funneling observed, may indicate slight heteroskedasticity
. graph box resids, over(state)

. graph save "Graph" "\\smb-isl01.fsu.edu\citrix\tal15b\Documents\diss\Prelim Findings\5 residuals by state.gph", replace
(file \\smb-isl01.fsu.edu\citrix\tal15b\Documents\diss\Prelim Findings\5 residuals by state.gph not found)
file \\smb-isl01.fsu.edu\citrix\tal15b\Documents\diss\Prelim Findings\5 residuals by state.gph saved

. graph box resids, over(unitid)

. graph save "Graph" "\\smb-isl01.fsu.edu\citrix\tal15b\Documents\diss\Prelim Findings\5 residuals by unitid.gph", replace
(file \\smb-isl01.fsu.edu\citrix\tal15b\Documents\diss\Prelim Findings\5 residuals by unitid.gph not found)
file \\smb-isl01.fsu.edu\citrix\tal15b\Documents\diss\Prelim Findings\5 residuals by unitid.gph saved

. 
. list unitid instname resids if resids >=.15

      +--------------------------------------------------+
      | unitid                       instname     resids |
      |--------------------------------------------------|
5816. | 230834           Castleton University   .1651612 |
6938. | 484473   University of Florida-Online   .1824982 |
6944. | 484473   University of Florida-Online   .1653925 |
      +--------------------------------------------------+

. list unitid instname resids if resids <=-.15

      +---------------------------------------------------+
      | unitid                       instname      resids |
      |---------------------------------------------------|
2971. | 180203         Aaniiih Nakoda College     -.21562 |
6939. | 484473   University of Florida-Online   -.2131823 |
      +---------------------------------------------------+

. 
. ******** testing dropping insts with extreme residuals ************
. mixed i_diversity_sq i.year dem_gov educappFTE dem_legisprop c_r1 c_r2 hbcu size_small size_large || state: || unitid:, ml

Performing EM optimization ...

Performing gradient-based optimization: 
Iteration 0:  Log likelihood =  14260.381  
Iteration 1:  Log likelihood =  14260.381  

Computing standard errors ...

Mixed-effects ML regression                            Number of obs =   7,007

        Grouping information
        -------------------------------------------------------------
                        |     No. of       Observations per group
         Group variable |     groups    Minimum    Average    Maximum
        ----------------+--------------------------------------------
                  state |         51          9      137.4        565
                 unitid |        787          6        8.9          9
        -------------------------------------------------------------

                                                       Wald chi2(16) = 2619.92
Log likelihood =  14260.381                            Prob > chi2   =  0.0000

--------------------------------------------------------------------------------
i_diversity_sq | Coefficient  Std. err.      z    P>|z|     [95% conf. interval]
---------------+----------------------------------------------------------------
          year |
         2016  |   .0034952   .0012334     2.83   0.005     .0010777    .0059127
         2017  |   .0083569   .0012481     6.70   0.000     .0059106    .0108032
         2018  |    .012517   .0012634     9.91   0.000     .0100408    .0149932
         2019  |   .0149289   .0013422    11.12   0.000     .0122982    .0175596
         2020  |   .0187405   .0013918    13.46   0.000     .0160125    .0214684
         2021  |   .0235728   .0014478    16.28   0.000     .0207351    .0264104
         2022  |   .0280435   .0016363    17.14   0.000     .0248364    .0312506
         2023  |   .0299711   .0018804    15.94   0.000     .0262856    .0336566
               |
       dem_gov |  -.0049088   .0012355    -3.97   0.000    -.0073303   -.0024874
    educappFTE |   3.34e-06   4.00e-07     8.34   0.000     2.56e-06    4.12e-06
 dem_legisprop |   .0507357   .0085607     5.93   0.000      .033957    .0675144
          c_r1 |   .0399402   .0100864     3.96   0.000     .0201713    .0597091
          c_r2 |    .032038   .0101575     3.15   0.002     .0121297    .0519463
          hbcu |   .1117155   .0105954    10.54   0.000     .0909489     .132482
    size_small |  -.0108206   .0020493    -5.28   0.000    -.0148372   -.0068039
    size_large |   .0082437   .0037028     2.23   0.026     .0009863    .0155012
         _cons |   .3592628    .008509    42.22   0.000     .3425855    .3759401
--------------------------------------------------------------------------------

------------------------------------------------------------------------------
  Random-effects parameters  |   Estimate   Std. err.     [95% conf. interval]
-----------------------------+------------------------------------------------
state: Identity              |
                  var(_cons) |   .0020354   .0005536      .0011944    .0034686
-----------------------------+------------------------------------------------
unitid: Identity             |
                  var(_cons) |   .0062479   .0003362      .0056226    .0069428
-----------------------------+------------------------------------------------
               var(Residual) |   .0005927   .0000107      .0005722     .000614
------------------------------------------------------------------------------
LR test vs. linear model: chi2(2) = 14394.60              Prob > chi2 = 0.0000

Note: LR test is conservative and provided only for reference.

. scatter resids fitted, yline(0) title("Residuals vs Fitted Values")

. 
. drop if unitid==484473
(9 observations deleted)

. mixed i_diversity_sq i.year dem_gov educappFTE dem_legisprop c_r1 c_r2 hbcu size_small size_large || state: || unitid:, ml

Performing EM optimization ...

Performing gradient-based optimization: 
Iteration 0:  Log likelihood =  14358.407  
Iteration 1:  Log likelihood =  14358.407  

Computing standard errors ...

Mixed-effects ML regression                            Number of obs =   6,998

        Grouping information
        -------------------------------------------------------------
                        |     No. of       Observations per group
         Group variable |     groups    Minimum    Average    Maximum
        ----------------+--------------------------------------------
                  state |         51          9      137.2        565
                 unitid |        786          6        8.9          9
        -------------------------------------------------------------

                                                       Wald chi2(16) = 2681.20
Log likelihood =  14358.407                            Prob > chi2   =  0.0000

--------------------------------------------------------------------------------
i_diversity_sq | Coefficient  Std. err.      z    P>|z|     [95% conf. interval]
---------------+----------------------------------------------------------------
          year |
         2016  |   .0040208   .0012115     3.32   0.001     .0016462    .0063954
         2017  |   .0086873    .001226     7.09   0.000     .0062845    .0110902
         2018  |   .0129176   .0012409    10.41   0.000     .0104854    .0153497
         2019  |   .0152075   .0013183    11.54   0.000     .0126237    .0177913
         2020  |   .0190089   .0013671    13.91   0.000     .0163295    .0216882
         2021  |   .0235422   .0014221    16.55   0.000     .0207549    .0263294
         2022  |   .0282059   .0016073    17.55   0.000     .0250557    .0313562
         2023  |   .0301284   .0018471    16.31   0.000     .0265081    .0337486
               |
       dem_gov |  -.0048341   .0012129    -3.99   0.000    -.0072114   -.0024569
    educappFTE |   3.30e-06   3.93e-07     8.40   0.000     2.53e-06    4.07e-06
 dem_legisprop |   .0518967   .0084147     6.17   0.000     .0354042    .0683892
          c_r1 |    .040575   .0100551     4.04   0.000     .0208674    .0602827
          c_r2 |   .0329559   .0101388     3.25   0.001     .0130842    .0528276
          hbcu |   .1102575   .0105033    10.50   0.000     .0896713    .1308437
    size_small |  -.0084922   .0020296    -4.18   0.000    -.0124701   -.0045143
    size_large |   .0080468   .0036418     2.21   0.027      .000909    .0151846
         _cons |   .3579255   .0085116    42.05   0.000     .3412431    .3746079
--------------------------------------------------------------------------------

------------------------------------------------------------------------------
  Random-effects parameters  |   Estimate   Std. err.     [95% conf. interval]
-----------------------------+------------------------------------------------
state: Identity              |
                  var(_cons) |   .0020663    .000559       .001216    .0035113
-----------------------------+------------------------------------------------
unitid: Identity             |
                  var(_cons) |    .006228   .0003353      .0056043    .0069211
-----------------------------+------------------------------------------------
               var(Residual) |   .0005711   .0000103      .0005513    .0005916
------------------------------------------------------------------------------
LR test vs. linear model: chi2(2) = 14568.27              Prob > chi2 = 0.0000

Note: LR test is conservative and provided only for reference.

. predict resids2, residuals

. predict fitted2, xb

. scatter resids2 fitted2, yline(0) title("Residuals vs Fitted Values")

. 
. drop if unitid==230834
(8 observations deleted)

. mixed i_diversity_sq i.year dem_gov educappFTE dem_legisprop c_r1 c_r2 hbcu size_small size_large || state: || unitid:, ml

Performing EM optimization ...

Performing gradient-based optimization: 
Iteration 0:  Log likelihood =  14371.353  
Iteration 1:  Log likelihood =  14371.353  

Computing standard errors ...

Mixed-effects ML regression                            Number of obs =   6,990

        Grouping information
        -------------------------------------------------------------
                        |     No. of       Observations per group
         Group variable |     groups    Minimum    Average    Maximum
        ----------------+--------------------------------------------
                  state |         51          9      137.1        565
                 unitid |        785          6        8.9          9
        -------------------------------------------------------------

                                                       Wald chi2(16) = 2724.87
Log likelihood =  14371.353                            Prob > chi2   =  0.0000

--------------------------------------------------------------------------------
i_diversity_sq | Coefficient  Std. err.      z    P>|z|     [95% conf. interval]
---------------+----------------------------------------------------------------
          year |
         2016  |   .0042069   .0012065     3.49   0.000     .0018421    .0065716
         2017  |   .0088993   .0012209     7.29   0.000     .0065064    .0112923
         2018  |   .0131865   .0012358    10.67   0.000     .0107644    .0156085
         2019  |   .0155031   .0013129    11.81   0.000     .0129299    .0180764
         2020  |   .0193432   .0013616    14.21   0.000     .0166746    .0220119
         2021  |   .0239179   .0014162    16.89   0.000     .0211423    .0266936
         2022  |   .0286213   .0016011    17.88   0.000     .0254833    .0317593
         2023  |   .0305162   .0018393    16.59   0.000     .0269113    .0341212
               |
       dem_gov |  -.0053579   .0012098    -4.43   0.000    -.0077291   -.0029868
    educappFTE |   3.26e-06   3.92e-07     8.33   0.000     2.50e-06    4.03e-06
 dem_legisprop |   .0529487   .0083785     6.32   0.000      .036527    .0693703
          c_r1 |   .0405968   .0100591     4.04   0.000     .0208813    .0603123
          c_r2 |   .0328933   .0101501     3.24   0.001     .0129995    .0527871
          hbcu |   .1099215   .0104869    10.48   0.000     .0893676    .1304754
    size_small |  -.0085151   .0020208    -4.21   0.000    -.0124758   -.0045544
    size_large |   .0079726   .0036266     2.20   0.028     .0008645    .0150807
         _cons |   .3578427    .008508    42.06   0.000     .3411674     .374518
--------------------------------------------------------------------------------

------------------------------------------------------------------------------
  Random-effects parameters  |   Estimate   Std. err.     [95% conf. interval]
-----------------------------+------------------------------------------------
state: Identity              |
                  var(_cons) |   .0020632   .0005608      .0012111    .0035148
-----------------------------+------------------------------------------------
unitid: Identity             |
                  var(_cons) |   .0062397   .0003362      .0056144    .0069347
-----------------------------+------------------------------------------------
               var(Residual) |   .0005657   .0000102      .0005461     .000586
------------------------------------------------------------------------------
LR test vs. linear model: chi2(2) = 14609.91              Prob > chi2 = 0.0000

Note: LR test is conservative and provided only for reference.

. predict resids3, residuals

. predict fitted3, xb

. scatter resids3 fitted3, yline(0) title("Residuals vs Fitted Values")

. 
. drop if unitid==180203
(9 observations deleted)

. mixed i_diversity_sq i.year dem_gov educappFTE dem_legisprop c_r1 c_r2 hbcu size_small size_large || state: || unitid:, ml

Performing EM optimization ...

Performing gradient-based optimization: 
Iteration 0:  Log likelihood =  14404.078  
Iteration 1:  Log likelihood =  14404.078  

Computing standard errors ...

Mixed-effects ML regression                            Number of obs =   6,981

        Grouping information
        -------------------------------------------------------------
                        |     No. of       Observations per group
         Group variable |     groups    Minimum    Average    Maximum
        ----------------+--------------------------------------------
                  state |         51          9      136.9        565
                 unitid |        784          6        8.9          9
        -------------------------------------------------------------

                                                       Wald chi2(16) = 2754.06
Log likelihood =  14404.078                            Prob > chi2   =  0.0000

--------------------------------------------------------------------------------
i_diversity_sq | Coefficient  Std. err.      z    P>|z|     [95% conf. interval]
---------------+----------------------------------------------------------------
          year |
         2016  |   .0038364   .0011975     3.20   0.001     .0014893    .0061835
         2017  |   .0085346   .0012118     7.04   0.000     .0061595    .0109097
         2018  |   .0128448   .0012266    10.47   0.000     .0104407     .015249
         2019  |   .0151218   .0013035    11.60   0.000      .012567    .0176766
         2020  |    .019035   .0013518    14.08   0.000     .0163855    .0216844
         2021  |   .0235925   .0014059    16.78   0.000     .0208369    .0263481
         2022  |   .0282223   .0015895    17.76   0.000      .025107    .0313377
         2023  |   .0300964   .0018261    16.48   0.000     .0265172    .0336756
               |
       dem_gov |  -.0052531   .0012032    -4.37   0.000    -.0076114   -.0028948
    educappFTE |   3.28e-06   3.89e-07     8.45   0.000     2.52e-06    4.05e-06
 dem_legisprop |   .0534978   .0083206     6.43   0.000     .0371898    .0698058
          c_r1 |   .0407274   .0100376     4.06   0.000      .021054    .0604008
          c_r2 |   .0334171   .0101369     3.30   0.001     .0135491     .053285
          hbcu |   .1095353    .010442    10.49   0.000     .0890694    .1300012
    size_small |   -.008504   .0020056    -4.24   0.000    -.0124348   -.0045732
    size_large |   .0078755   .0035999     2.19   0.029     .0008197    .0149313
         _cons |   .3573304   .0085347    41.87   0.000     .3406027    .3740581
--------------------------------------------------------------------------------

------------------------------------------------------------------------------
  Random-effects parameters  |   Estimate   Std. err.     [95% conf. interval]
-----------------------------+------------------------------------------------
state: Identity              |
                  var(_cons) |   .0020958   .0005676      .0012326    .0035636
-----------------------------+------------------------------------------------
unitid: Identity             |
                  var(_cons) |   .0062198   .0003354      .0055961    .0069132
-----------------------------+------------------------------------------------
               var(Residual) |   .0005566     .00001      .0005373    .0005766
------------------------------------------------------------------------------
LR test vs. linear model: chi2(2) = 14674.39              Prob > chi2 = 0.0000

Note: LR test is conservative and provided only for reference.

. predict resids4, residuals

. predict fitted4, xb

. scatter resids4 fitted4, yline(0) title("Residuals vs Fitted Values")

. graph save "Graph" "\\smb-isl01.fsu.edu\citrix\tal15b\Documents\diss\Prelim Findings\5 residuals final.gph", replace
(file \\smb-isl01.fsu.edu\citrix\tal15b\Documents\diss\Prelim Findings\5 residuals final.gph not found)
file \\smb-isl01.fsu.edu\citrix\tal15b\Documents\diss\Prelim Findings\5 residuals final.gph saved

. 
. * wald chi2 value increases in magnitude after dropping each institution
. ************************************
.  
. * estimate intraclass correlations
. estat icc 

Residual intraclass correlation

------------------------------------------------------------------------------
                       Level |        ICC   Std. err.     [95% conf. interval]
-----------------------------+------------------------------------------------
                       state |   .2362237    .050286      .1519017    .3481394
                unitid|state |   .9372695   .0046505      .9275129    .9457897
------------------------------------------------------------------------------

. 
. * Conditional on the fixed-effects covariates, the diversity index of faculty is slightly correlated within the same state, but is highly correlated within the same institution and state. We e
> stimate that institution and state random effects compose approximately 93% of the total residual variance.
. * two-level mixed effects model nested at the institution and state levels is a good fit
. 
. save "\\smb-isl01.fsu.edu\citrix\tal15b\Documents\diss\Prelim Findings\5 Preliminary Findings Final.dta", replace
file \\smb-isl01.fsu.edu\citrix\tal15b\Documents\diss\Prelim Findings\5 Preliminary Findings Final.dta saved

. 
. 
. *******************************************************************************
. *******************************************************************************
. 
. log close
      name:  <unnamed>
       log:  \\smb-isl01.fsu.edu\citrix\tal15b\Documents\diss\Prelim Findings\5 Preliminary Findings.log
  log type:  text
 closed on:   4 Dec 2025, 18:15:31
--------------------------------------------------------------------------------------------------------------------------------------------------------------------------------------------------
